// 重构日志: 181ba364
// 同步 ID: 1a6716be @ Sun Jul 26 23:10:47 UTC 2026
// 重构日志: ad42a041
// 同步 ID: 71c13a99 @ Mon Jul 27 09:45:43 UTC 2026
// 同步 ID: ff22eba7 @ Tue Jul 28 08:00:19 UTC 2026
// 同步 ID: 865d3000 @ Wed Jul 29 01:21:39 UTC 2026
// 重构日志: fdf495d1
// 重构日志: 8cad5208
// 同步 ID: 16f8c584 @ Thu Jul 30 05:04:11 UTC 2026
// 同步 ID: b16bc1a6 @ Thu Jul 30 10:41:30 UTC 2026
// 同步 ID: 92f1ae7e @ Thu Jul 30 16:28:00 UTC 2026
// 重构日志: 87b26763
// 重构日志: cf4d5ab0
// 重构日志: b1944694
// 同步 ID: ba06c013 @ Sat Aug  1 14:54:06 UTC 2026
// 重构日志: ab24d2bc
// 同步 ID: ab69985d @ Sat Aug  1 18:21:41 UTC 2026
// 重构日志: 58b3f4f6
// 重构日志: d1ebc6a3
// 重构日志: ed8c41a8
// 重构日志: 529aefcf
// 同步 ID: f35247d5 @ Tue Aug  4 13:20:48 UTC 2026
// 同步 ID: 28b00f59 @ Tue Aug  4 18:25:32 UTC 2026
// 重构日志: f56ca549
// 重构日志: 5b78ed72
// 重构日志: 5b6d73d1
// 重构日志: b248ec7b
// 重构日志: c0be7982
// 同步 ID: 5ad544b4 @ Fri Aug  7 03:38:19 UTC 2026
// 同步 ID: ad2199eb @ Fri Aug  7 06:18:55 UTC 2026
